#-----------------------------------------------------------
# Vivado v2018.3 (64-bit)
# SW Build 2405991 on Thu Dec  6 23:38:27 MST 2018
# IP Build 2404404 on Fri Dec  7 01:43:56 MST 2018
# Start of session at: Sun Mar 10 20:23:40 2019
# Process ID: 4112
# Current directory: C:/Users/Zain/Documents/GitHub/Vivado-9-Bit-Processor/CA
# Command line: vivado.exe -gui_launcher_event rodinguilauncherevent9500 C:\Users\Zain\Documents\GitHub\Vivado-9-Bit-Processor\CA\CA.xpr
# Log file: C:/Users/Zain/Documents/GitHub/Vivado-9-Bit-Processor/CA/vivado.log
# Journal file: C:/Users/Zain/Documents/GitHub/Vivado-9-Bit-Processor/CA\vivado.jou
#-----------------------------------------------------------
start_gui
open_project C:/Users/Zain/Documents/GitHub/Vivado-9-Bit-Processor/CA/CA.xpr
update_compile_order -fileset sources_1
# Disabling source management mode.  This is to allow the top design properties to be set without GUI intervention.
set_property source_mgmt_mode None [current_project]
set_property top CPU9bits [current_fileset]
# Re-enabling previously disabled source management mode.
set_property source_mgmt_mode All [current_project]
update_compile_order -fileset sources_1
reset_run synth_1
launch_runs synth_1 -jobs 8
wait_on_run synth_1
reset_run synth_1
launch_runs synth_1 -jobs 8
wait_on_run synth_1
